X=1.41421
This is item 1.
This is item 2.
Sqrt=1.41421
