To whom it may concern:
Goodbye, cruel world, I cannot bear the slings and arrows...
Signing off...
GOOD-Equal
