GOOD Non-Existing file okay
GOOD Existent file okay
