@booltest defined(__TIME__) && TRUE
@booltest defined(__TIME__) && FALSE
