Iter 1
Not yet, keep going
Iter 2
Not yet, keep going
Iter 3
Not yet, keep going
Iter 4
I > 3, about to break
Out of loop
