Iteration 10
Iteration 9
Iteration 8
Iteration 7
Iteration 6
Iteration 5
Out of while loop
