Good morning class.
OK
Bueller?
I think he's sick, sir.
Class dismissed.
