@newcmd long
@longdef bar
222
333
@endlong
@endcmd
@newcmd single
@define foo 111
@endcmd
