Begin
Preamble
One
End
@newcmd one
@define FOO 1
Begin
@case FOO
Preamble
@of 2
Two
@of 3
Three
@of 1
One
@otherwise
Not matched
@endcase
End
@endcmd
