A=12, B=12
A and B are Equal!
A and B+1 are Not equal!
A+1 and B+1 are Not equal!
A=13, B=13
A and B are Equal!
