Start
Include 1
Again...
Include 1
This time for real!
Include 1
Now Off
Include 1
Done
