path_search/Include 2
Again
path_search/Include 2
Done
