Table of Contents
(in stream 9) count=1, text=First Header
(in stream 9) count=2, text=Second Header
(in stream 9) count=3, text=Third Header
All done
