Foo
Start
In loop, i=1
In loop, i=2
In loop, i=3
All done!
