LET M7[1,1] = 1
LET M7[1,2] = 0
LET M7[1,3] = 0
LET M7[2,1] = 0
LET M7[2,2] = 1
LET M7[2,3] = 0
LET M7[3,1] = 0
LET M7[3,2] = 0
LET M7[3,3] = 1
