FOO = 1
FOO = 4
FOO = 7
FOO = 10
FOO = 13
FOO = 16
FOO = 19
