Hello, fancy-world
@newcmd greet{who}
@newcmd private{name}
Hello, @name@
@endcmd
@private{@{who}}
@endcmd
