Begin
Pre-Foo
Foo Two
Pre-Bar:Foo 2
Foo 2 Bar Three
End
