0: I see 0 args
1: I see 1 args
2: I see 2 args
3: I see 3 args
4: I see 4 args
