Begin
D=>SS TT UU
VV WW XX<
C=>MM NN OO
PP QQ RR<
B=>GG HH II
JJ KK LL<
A=>AA BB CC
DD EE FF<
End
