Addition: 2+2=4
Math: Sqrt(2)=1.41421
15 times 13 is 195
