BEFORE I=42
INSIDE I=1
INSIDE I=2
INSIDE I=3
INSIDE I=4
INSIDE I=5
AFTER I=42
