Hey hey
Your hassenpfeffer, sire
Deferred greetings
