Secure level is 1
Password file exists
Secure level is 1
All done
