@sequence bar	create
@sequence foo	create
@sequence foo	setval 1
@sequence quux	create
@sequence quux	format %x
