@define bar	2
@longdef baz
Line A
Line B
@endlongdef
@define foo	1
