Hello Joe, I just got a great deal on this new air fryer !!!
Hello Bob, I just got a great deal on this new metal detector !!!
