Hello Joe, I just got a great deal on this new air_fryer !!!
Hello Bob, I just got a great deal on this new metal_detector !!!
