Iteration 0
Keep going...
Iteration 1
Keep going...
Iteration 2
Keep going...
Iteration 3
Keep going...
Iteration 4
Exiting while loop early
Out of while loop
